#-----------------------------------------------------------
# Vivado v2016.4 (64-bit)
# SW Build 1733598 on Wed Dec 14 22:35:39 MST 2016
# IP Build 1731160 on Wed Dec 14 23:47:21 MST 2016
# Start of session at: Mon Oct 23 21:06:02 2017
# Process ID: 9088
# Current directory: E:/Workspace/Vivado_16.4/2017_10_21_FFT
# Command line: vivado.exe -gui_launcher_event rodinguilauncherevent10520 E:\Workspace\Vivado_16.4\2017_10_21_FFT\FFT.xpr
# Log file: E:/Workspace/Vivado_16.4/2017_10_21_FFT/vivado.log
# Journal file: E:/Workspace/Vivado_16.4/2017_10_21_FFT\vivado.jou
#-----------------------------------------------------------
start_gui
open_project E:/Workspace/Vivado_16.4/2017_10_21_FFT/FFT.xpr
launch_simulation
source tb_FFT.tcl
run 100 us
restart
add_wave {{/tb_FFT/dut/aclk}} {{/tb_FFT/dut/s_axis_config_tdata}} {{/tb_FFT/dut/s_axis_config_tvalid}} {{/tb_FFT/dut/s_axis_config_tready}} {{/tb_FFT/dut/s_axis_data_tdata}} {{/tb_FFT/dut/s_axis_data_tvalid}} {{/tb_FFT/dut/s_axis_data_tready}} {{/tb_FFT/dut/s_axis_data_tlast}} {{/tb_FFT/dut/m_axis_data_tdata}} {{/tb_FFT/dut/m_axis_data_tvalid}} {{/tb_FFT/dut/m_axis_data_tready}} {{/tb_FFT/dut/m_axis_data_tlast}} {{/tb_FFT/dut/event_frame_started}} {{/tb_FFT/dut/event_tlast_unexpected}} {{/tb_FFT/dut/event_tlast_missing}} {{/tb_FFT/dut/event_status_channel_halt}} {{/tb_FFT/dut/event_data_in_channel_halt}} {{/tb_FFT/dut/event_data_out_channel_halt}} 
run 100 us
run 100 us
run 100 us
run 100 us
restart
run 100 us
run 100 us
remove_files  -fileset sim_1 E:/Workspace/Vivado_16.4/2017_10_21_FFT/Design/IP_Core/FFT/FFT/demo_tb/tb_FFT.vhd
set_property top TOP [get_filesets sim_1]
set_property SOURCE_SET sources_1 [get_filesets sim_1]
add_files -fileset sim_1 -norecurse E:/Workspace/Vivado_16.4/2017_10_17_FFT/TestBeach/tb_fft.v
# Disabling source management mode.  This is to allow the top design properties to be set without GUI intervention.
set_property source_mgmt_mode None [current_project]
set_property top tb_fft [get_filesets sim_1]
set_property top_lib xil_defaultlib [get_filesets sim_1]
# Re-enabling previously disabled source management mode.
set_property source_mgmt_mode All [current_project]
reset_run synth_1
launch_runs synth_1 -jobs 4
wait_on_run synth_1
launch_simulation
remove_files  E:/Workspace/Vivado_16.4/2017_10_21_FFT/Design/Code/TOP.v
update_compile_order -fileset sources_1
remove_files  -fileset sim_1 E:/Workspace/Vivado_16.4/2017_10_17_FFT/TestBeach/tb_fft.v
set_property SOURCE_SET sources_1 [get_filesets sim_1]
add_files -fileset sim_1 -norecurse E:/Workspace/Vivado_16.4/2017_10_21_FFT/TestBeach/tb_fft.v
reset_run synth_1
launch_runs synth_1 -jobs 4
wait_on_run synth_1
launch_simulation
add_files -norecurse E:/Workspace/Vivado_16.4/2017_10_21_FFT/Design/Code/TOP.v
reset_run synth_1
launch_runs synth_1 -jobs 4
wait_on_run synth_1
launch_simulation
relaunch_sim
